// Jest Snapshot v1, https://goo.gl/fbAQLP

exports[`<App /> snapshot renders 1`] = `
<div
  className="sc-bZQynM bRgZOp"
>
  <div
    className="sc-bwzfXH hfSMDM"
  >
    <div
      className="sc-bdVaJa kfnStz"
    >
      13
      :
      
      51
    </div>
  </div>
  <div
    className="sc-htpNat ftOfaW"
  >
    <div
      className="sc-bxivhb ifdZKV"
    />
  </div>
  <div
    className="sc-EHOje eUZBbF"
  >
    <img
      className="sc-ifAKCX oWEds"
    />
  </div>
</div>
`;
